
R version 3.0.1 (2013-05-16) -- "Good Sport"
Copyright (C) 2013 The R Foundation for Statistical Computing
Platform: x86_64-pc-linux-gnu (64-bit)

R is free software and comes with ABSOLUTELY NO WARRANTY.
You are welcome to redistribute it under certain conditions.
Type 'license()' or 'licence()' for distribution details.

R is a collaborative project with many contributors.
Type 'contributors()' for more information and
'citation()' on how to cite R or R packages in publications.

Type 'demo()' for some demos, 'help()' for on-line help, or
'help.start()' for an HTML browser interface to help.
Type 'q()' to quit R.

> # ---------------------------------------------------------------------------- #
> # ---------------------------------------------------------------------------- #
> #                                                 
> # S4 implementation of generalized iLUCK models   
> # -- Tests for Class LuckModel incl. show method --             
> #                                                 
> # ---------------------------------------------------------------------------- #
> # ---------------------------------------------------------------------------- #
> 
> library(luck)
Loading required package: TeachingDemos

Attaching package: 'luck'

The following object is masked from 'package:utils':

    data

> library(testthat)
> 
> ## Tests for constructor funktion:
> set.seed(42)
> bsp1 <- LuckModel(n0 = c(1,10), y0 = c(-5,5))
> bsp1
generalized iLUCK model with prior parameter set: 
  lower n0 = 1   upper n0 = 10 
  lower y0 = -5   upper y0 = 5 
 giving a main parameter prior imprecision of 10 
> expect_warning(expect_error(LuckModel(n0 = c(1,10,2), y0 = c(-5,5)), "n0 must *")) # error
> expect_error(LuckModel(n0 = c(10,1), y0 = c(-5,5))) # error
> expect_error(LuckModel(n0 = c(1,10), y0 = c(-5,5,15))) # error
> expect_error(LuckModel(n0 = c(1,10), y0 = c(-5,15,5,10))) # error
> bsp2 <- LuckModel(n0 = c(1,10), y0 = c(-5, 10, 5, 15)) 
> bsp2
generalized iLUCK model with prior parameter set: 
  lower n0 = 1   upper n0 = 10 
  lower y0 = -5   upper y0 = 5  for dimension  1 
  lower y0 = 10   upper y0 = 15  for dimension  2 
 giving a main parameter prior imprecision of 10  for dimension 1 
 giving a main parameter prior imprecision of 5  for dimension 2 
> bsp3 <- LuckModel(n0 = 1, y0 = c(-5,5))
> bsp3
iLUCK model with prior parameter set: 
  n0 = 1 
  lower y0 = -5   upper y0 = 5 
 giving a main parameter prior imprecision of 10 
> bsp4 <- LuckModel(n0 = c(1,10), y0 = 5) 
> bsp4
generalized iLUCK model with prior parameter set: 
  lower n0 = 1   upper n0 = 10 
  y0 = 5 
> bsp5 <- LuckModel(n0 = c(1,10), y0 = c(-5,5), data = list(sum(rnorm(10)), 10))
> bsp5
generalized iLUCK model with prior parameter set: 
  lower n0 = 1   upper n0 = 10 
  lower y0 = -5   upper y0 = 5 
 giving a main parameter prior imprecision of 10 
and data object with sample statistic tau(x) = 5.472968 and sample size n = 10 
> bsp5 <- LuckModel(n0 = c(1,10), y0 = c(-5,5), data = matrix(c(sum(rnorm(10)), 10), ncol = 2, byrow=FALSE))
> bsp5
generalized iLUCK model with prior parameter set: 
  lower n0 = 1   upper n0 = 10 
  lower y0 = -5   upper y0 = 5 
 giving a main parameter prior imprecision of 10 
and data object with sample statistic tau(x) = -1.634567 and sample size n = 10 
> bsp6 <- LuckModel(n0 = c(1,10), y0 = c(-5,5,10,15), data = matrix(rep(c(20, 10), 2), ncol=2, byrow=TRUE))
> bsp6
generalized iLUCK model with prior parameter set: 
  lower n0 = 1   upper n0 = 10 
  lower y0 = -5   upper y0 = 10  for dimension  1 
  lower y0 = 5   upper y0 = 15  for dimension  2 
 giving a main parameter prior imprecision of 15  for dimension 1 
 giving a main parameter prior imprecision of 10  for dimension 2 
and data object containing 2 - dimensional data:
 sample statistic tau(x) = 20 and sample size n = 10 for dimension 1 
 sample statistic tau(x) = 20 and sample size n = 10 for dimension 2 
 
> expect_error(LuckModel(n0 = c(1,10), y0 = c(-5,10,5,15), data = matrix(c(20, 10), ncol=2))) # error
> bsp7 <- LuckModel(n0 = 1, y0 = 5)
> bsp7
LUCK model with prior parameters: 
  n0 = 1 
  y0 = 5 
> 
> 
> ## Tests for accessor functions:
> set.seed(42)
> n0(bsp1)
     lower upper
[1,]     1    10
> n0(bsp1)[1]
[1] 1
> n0(bsp1)[2]
[1] 10
> y0(bsp2)
     lower upper
[1,]    -5     5
[2,]    10    15
> y0(bsp2)[1,1]
lower 
   -5 
> y0(bsp2)[1,2]
upper 
    5 
> y0(bsp2)[3] # attention!
[1] 5
> data(bsp1)
Default data object with no data specified.
> data(bsp5)
data object with sample statistic tau(x) = -1.634567 and sample size n = 10 
> tauN(data(bsp5))
           tau  n
[1,] -1.634567 10
> tauN(data(bsp5))[1]
[1] -1.634567
> tauN(data(bsp5))[2]
[1] 10
> tau(data(bsp5))
      tau 
-1.634567 
> n(data(bsp5))
 n 
10 
> data(bsp6)
data object containing 2 - dimensional data:
 sample statistic tau(x) = 20 and sample size n = 10 for dimension 1 
 sample statistic tau(x) = 20 and sample size n = 10 for dimension 2 
 
> tauN(data(bsp6))
     tau  n
[1,]  20 10
[2,]  20 10
> tauN(data(bsp6))[1,1]
tau 
 20 
> tauN(data(bsp6))[1,2]
 n 
10 
> tauN(data(bsp6))[3]  #attention!
[1] 10
> tauN(data(bsp6))[1,]
tau   n 
 20  10 
> tauN(data(bsp6))[,1]
[1] 20 20
> tau(data(bsp6))
[1] 20 20
> tau(data(bsp6))[1]
[1] 20
> tau(data(bsp6))[2]
[1] 20
> n(data(bsp6))
[1] 10 10
> n(data(bsp6))[1]
[1] 10
> n(data(bsp6))[2]
[1] 10
> 
> 
> ## Tests for replacement methods:
> set.seed(42)
> bsp1
generalized iLUCK model with prior parameter set: 
  lower n0 = 1   upper n0 = 10 
  lower y0 = -5   upper y0 = 5 
 giving a main parameter prior imprecision of 10 
> expect_warning(expect_error(n0(bsp1) <- c(1,2,3)))
> # because of invalid assignment to n0, no replacement takes place
> n0(bsp1) <- c(1,2)
> y0(bsp1) <- c(-1,1)
> data(bsp1) <- list(tau=sum(rnorm(5)), n=5)
> bsp1
generalized iLUCK model with prior parameter set: 
  lower n0 = 1   upper n0 = 2 
  lower y0 = -1   upper y0 = 1 
 giving a main parameter prior imprecision of 2 
and data object with sample statistic tau(x) = 2.20652 and sample size n = 5 
> bsp6
generalized iLUCK model with prior parameter set: 
  lower n0 = 1   upper n0 = 10 
  lower y0 = -5   upper y0 = 10  for dimension  1 
  lower y0 = 5   upper y0 = 15  for dimension  2 
 giving a main parameter prior imprecision of 15  for dimension 1 
 giving a main parameter prior imprecision of 10  for dimension 2 
and data object containing 2 - dimensional data:
 sample statistic tau(x) = 20 and sample size n = 10 for dimension 1 
 sample statistic tau(x) = 20 and sample size n = 10 for dimension 2 
 
> n0(bsp6)[1] <- 2
> y0(bsp6)[2,1] <- -5
> data(bsp6) <- list(tau=c(25,26), n=c(14,14))
> expect_error(data(bsp6) <- list(tau=c(25,26), n=c(14,14,14))) # error
> expect_error(data(bsp6) <- list(tau=c(25,26,27), n=c(14,14,14))) # error
> expect_error(y0(bsp6) <- c(0,1)) # error
> bsp6
generalized iLUCK model with prior parameter set: 
  lower n0 = 2   upper n0 = 10 
  lower y0 = -5   upper y0 = 10  for dimension  1 
  lower y0 = -5   upper y0 = 15  for dimension  2 
 giving a main parameter prior imprecision of 15  for dimension 1 
 giving a main parameter prior imprecision of 20  for dimension 2 
and data object containing 2 - dimensional data:
 sample statistic tau(x) = 25 and sample size n = 14 for dimension 1 
 sample statistic tau(x) = 26 and sample size n = 14 for dimension 2 
 
> bsp8 <- LuckModel(n = c(1,10), y = 1:10)
> 
> 
> ## Tests for show method:
> bsp1
generalized iLUCK model with prior parameter set: 
  lower n0 = 1   upper n0 = 2 
  lower y0 = -1   upper y0 = 1 
 giving a main parameter prior imprecision of 2 
and data object with sample statistic tau(x) = 2.20652 and sample size n = 5 
> bsp2
generalized iLUCK model with prior parameter set: 
  lower n0 = 1   upper n0 = 10 
  lower y0 = -5   upper y0 = 5  for dimension  1 
  lower y0 = 10   upper y0 = 15  for dimension  2 
 giving a main parameter prior imprecision of 10  for dimension 1 
 giving a main parameter prior imprecision of 5  for dimension 2 
> bsp3
iLUCK model with prior parameter set: 
  n0 = 1 
  lower y0 = -5   upper y0 = 5 
 giving a main parameter prior imprecision of 10 
> bsp4
generalized iLUCK model with prior parameter set: 
  lower n0 = 1   upper n0 = 10 
  y0 = 5 
> bsp5
generalized iLUCK model with prior parameter set: 
  lower n0 = 1   upper n0 = 10 
  lower y0 = -5   upper y0 = 5 
 giving a main parameter prior imprecision of 10 
and data object with sample statistic tau(x) = -1.634567 and sample size n = 10 
> bsp6
generalized iLUCK model with prior parameter set: 
  lower n0 = 2   upper n0 = 10 
  lower y0 = -5   upper y0 = 10  for dimension  1 
  lower y0 = -5   upper y0 = 15  for dimension  2 
 giving a main parameter prior imprecision of 15  for dimension 1 
 giving a main parameter prior imprecision of 20  for dimension 2 
and data object containing 2 - dimensional data:
 sample statistic tau(x) = 25 and sample size n = 14 for dimension 1 
 sample statistic tau(x) = 26 and sample size n = 14 for dimension 2 
 
> bsp7
LUCK model with prior parameters: 
  n0 = 1 
  y0 = 5 
> bsp8
generalized iLUCK model with prior parameter set: 
  lower n0 = 1   upper n0 = 10 
  lower y0 = 1   upper y0 = 6  for dimension  1 
  lower y0 = 2   upper y0 = 7  for dimension  2 
  lower y0 = 3   upper y0 = 8  for dimension  3 
  lower y0 = 4   upper y0 = 9  for dimension  4 
  lower y0 = 5   upper y0 = 10  for dimension  5 
 giving a main parameter prior imprecision of 5  for dimension 1 
 giving a main parameter prior imprecision of 5  for dimension 2 
 giving a main parameter prior imprecision of 5  for dimension 3 
 giving a main parameter prior imprecision of 5  for dimension 4 
 giving a main parameter prior imprecision of 5  for dimension 5 
> 
> #
> 
> proc.time()
   user  system elapsed 
  1.428   0.068   1.488 
